MPLINK 5.09, LINKER
Linker Map File - Created Sun Sep 02 09:35:37 2018

                                 Section Info
                  Section       Type    Address   Location Size(Bytes)
                ---------  ---------  ---------  ---------  ---------
                 RES_VECT       code   0x000000    program   0x000004
                   .cinit    romdata   0x000004    program   0x000002
                    H_ISR       code   0x000008    program   0x000004
                    L_ISR       code   0x000018    program   0x000004
                MAIN_PROG       code   0x00001c    program   0x000142
              UART_CONFIG       code   0x00015e    program   0x0000a0
            TIMER0_DRIVER       code   0x0001fe    program   0x00002a
        SYSTEM_INITIALIZE       code   0x000228    program   0x000012
.config_300000_BUILD/DEFAULT/PRODUCTION/MAIN_CO    romdata   0x300000    program   0x000001
.config_300001_BUILD/DEFAULT/PRODUCTION/MAIN_CO    romdata   0x300001    program   0x000001
.config_300002_BUILD/DEFAULT/PRODUCTION/MAIN_CO    romdata   0x300002    program   0x000001
.config_300003_BUILD/DEFAULT/PRODUCTION/MAIN_CO    romdata   0x300003    program   0x000001
.config_300005_BUILD/DEFAULT/PRODUCTION/MAIN_CO    romdata   0x300005    program   0x000001
.config_300006_BUILD/DEFAULT/PRODUCTION/MAIN_CO    romdata   0x300006    program   0x000001
.config_300008_BUILD/DEFAULT/PRODUCTION/MAIN_CO    romdata   0x300008    program   0x000001
.config_300009_BUILD/DEFAULT/PRODUCTION/MAIN_CO    romdata   0x300009    program   0x000001
.config_30000A_BUILD/DEFAULT/PRODUCTION/MAIN_CO    romdata   0x30000a    program   0x000001
.config_30000B_BUILD/DEFAULT/PRODUCTION/MAIN_CO    romdata   0x30000b    program   0x000001
.config_30000C_BUILD/DEFAULT/PRODUCTION/MAIN_CO    romdata   0x30000c    program   0x000001
.config_30000D_BUILD/DEFAULT/PRODUCTION/MAIN_CO    romdata   0x30000d    program   0x000001
              TIMER0_DATA      udata   0x000060       data   0x000002
                 UART_PTR      udata   0x000062       data   0x000008
                   STRING      udata   0x000100       data   0x000020



                              Program Memory Usage 
                               Start         End      
                           ---------   ---------      
                            0x000000    0x000005      
                            0x000008    0x00000b      
                            0x000018    0x000239      
                            0x300000    0x300003      
                            0x300005    0x300006      
                            0x300008    0x30000d      
            568 out of 33048 program addresses used, program memory utilization is 1%



                              Symbols - Sorted by Name
                     Name    Address   Location    Storage File                     
                ---------  ---------  ---------  --------- ---------                
                ERROR_SYS   0x000228    program     extern D:\josep\Documents\CompArch\PIC18F4550_E0.X\SYSTEM.asm
                 HIGH_ISR   0x00001c    program     static D:\josep\Documents\CompArch\PIC18F4550_E0.X\main_code.asm
                 HISR_OUT   0x000084    program     static D:\josep\Documents\CompArch\PIC18F4550_E0.X\main_code.asm
                  LOW_ISR   0x000092    program     static D:\josep\Documents\CompArch\PIC18F4550_E0.X\main_code.asm
                  POR_SYS   0x00022c    program     extern D:\josep\Documents\CompArch\PIC18F4550_E0.X\SYSTEM.asm
                    START   0x000096    program     static D:\josep\Documents\CompArch\PIC18F4550_E0.X\main_code.asm
              SYSTEM_INIT   0x00022e    program     extern D:\josep\Documents\CompArch\PIC18F4550_E0.X\SYSTEM.asm
              TIMER0_INIT   0x0001fe    program     extern D:\josep\Documents\CompArch\PIC18F4550_E0.X\TIMER0_driver.asm
             TIMER0_START   0x000220    program     extern D:\josep\Documents\CompArch\PIC18F4550_E0.X\TIMER0_driver.asm
              TIMER0_STOP   0x000224    program     extern D:\josep\Documents\CompArch\PIC18F4550_E0.X\TIMER0_driver.asm
                TIMER0_WR   0x000214    program     extern D:\josep\Documents\CompArch\PIC18F4550_E0.X\TIMER0_driver.asm
                 TMR0_ISR   0x000036    program     static D:\josep\Documents\CompArch\PIC18F4550_E0.X\main_code.asm
      UART_CANCEL_RECEIVE   0x0001f2    program     extern D:\josep\Documents\CompArch\PIC18F4550_E0.X\UART.asm
     UART_CANCEL_TRANSMIT   0x0001c6    program     extern D:\josep\Documents\CompArch\PIC18F4550_E0.X\UART.asm
                UART_INIT   0x00015e    program     extern D:\josep\Documents\CompArch\PIC18F4550_E0.X\UART.asm
             UART_RECEIVE   0x0001d2    program     extern D:\josep\Documents\CompArch\PIC18F4550_E0.X\UART.asm
        UART_RECEIVE_FAIL   0x0001ec    program     static D:\josep\Documents\CompArch\PIC18F4550_E0.X\UART.asm
              UART_RX_ISR   0x00007e    program     static D:\josep\Documents\CompArch\PIC18F4550_E0.X\main_code.asm
               UART_START   0x00019c    program     extern D:\josep\Documents\CompArch\PIC18F4550_E0.X\UART.asm
                UART_STOP   0x0001a0    program     extern D:\josep\Documents\CompArch\PIC18F4550_E0.X\UART.asm
            UART_TRANSMIT   0x0001a4    program     extern D:\josep\Documents\CompArch\PIC18F4550_E0.X\UART.asm
       UART_TRANSMIT_FAIL   0x0001c0    program     static D:\josep\Documents\CompArch\PIC18F4550_E0.X\UART.asm
              UART_TX_ISR   0x000058    program     static D:\josep\Documents\CompArch\PIC18F4550_E0.X\main_code.asm
             UART_TX_ISR_   0x000070    program     static D:\josep\Documents\CompArch\PIC18F4550_E0.X\main_code.asm
          _MAIN_PROG_013E   0x00015a    program     static D:\josep\Documents\CompArch\PIC18F4550_E0.X\main_code.asm
  _SYSTEM_INITIALIZE_0000   0x000228    program     static D:\josep\Documents\CompArch\PIC18F4550_E0.X\SYSTEM.asm
         TIMER0_PRECHARGE   0x000060       data     extern D:\josep\Documents\CompArch\PIC18F4550_E0.X\TIMER0_driver.asm
              UART_BUFFER   0x000100       data     static D:\josep\Documents\CompArch\PIC18F4550_E0.X\main_code.asm
                  UART_RX   0x000064       data     extern D:\josep\Documents\CompArch\PIC18F4550_E0.X\UART.asm
          UART_RX_COUNTER   0x000068       data     extern D:\josep\Documents\CompArch\PIC18F4550_E0.X\UART.asm
           UART_RX_STATUS   0x000069       data     extern D:\josep\Documents\CompArch\PIC18F4550_E0.X\UART.asm
                  UART_TX   0x000062       data     extern D:\josep\Documents\CompArch\PIC18F4550_E0.X\UART.asm
          UART_TX_COUNTER   0x000066       data     extern D:\josep\Documents\CompArch\PIC18F4550_E0.X\UART.asm
           UART_TX_STATUS   0x000067       data     extern D:\josep\Documents\CompArch\PIC18F4550_E0.X\UART.asm



                              Symbols - Sorted by Address
                     Name    Address   Location    Storage File                     
                ---------  ---------  ---------  --------- ---------                
                 HIGH_ISR   0x00001c    program     static D:\josep\Documents\CompArch\PIC18F4550_E0.X\main_code.asm
                 TMR0_ISR   0x000036    program     static D:\josep\Documents\CompArch\PIC18F4550_E0.X\main_code.asm
              UART_TX_ISR   0x000058    program     static D:\josep\Documents\CompArch\PIC18F4550_E0.X\main_code.asm
             UART_TX_ISR_   0x000070    program     static D:\josep\Documents\CompArch\PIC18F4550_E0.X\main_code.asm
              UART_RX_ISR   0x00007e    program     static D:\josep\Documents\CompArch\PIC18F4550_E0.X\main_code.asm
                 HISR_OUT   0x000084    program     static D:\josep\Documents\CompArch\PIC18F4550_E0.X\main_code.asm
                  LOW_ISR   0x000092    program     static D:\josep\Documents\CompArch\PIC18F4550_E0.X\main_code.asm
                    START   0x000096    program     static D:\josep\Documents\CompArch\PIC18F4550_E0.X\main_code.asm
          _MAIN_PROG_013E   0x00015a    program     static D:\josep\Documents\CompArch\PIC18F4550_E0.X\main_code.asm
                UART_INIT   0x00015e    program     extern D:\josep\Documents\CompArch\PIC18F4550_E0.X\UART.asm
               UART_START   0x00019c    program     extern D:\josep\Documents\CompArch\PIC18F4550_E0.X\UART.asm
                UART_STOP   0x0001a0    program     extern D:\josep\Documents\CompArch\PIC18F4550_E0.X\UART.asm
            UART_TRANSMIT   0x0001a4    program     extern D:\josep\Documents\CompArch\PIC18F4550_E0.X\UART.asm
       UART_TRANSMIT_FAIL   0x0001c0    program     static D:\josep\Documents\CompArch\PIC18F4550_E0.X\UART.asm
     UART_CANCEL_TRANSMIT   0x0001c6    program     extern D:\josep\Documents\CompArch\PIC18F4550_E0.X\UART.asm
             UART_RECEIVE   0x0001d2    program     extern D:\josep\Documents\CompArch\PIC18F4550_E0.X\UART.asm
        UART_RECEIVE_FAIL   0x0001ec    program     static D:\josep\Documents\CompArch\PIC18F4550_E0.X\UART.asm
      UART_CANCEL_RECEIVE   0x0001f2    program     extern D:\josep\Documents\CompArch\PIC18F4550_E0.X\UART.asm
              TIMER0_INIT   0x0001fe    program     extern D:\josep\Documents\CompArch\PIC18F4550_E0.X\TIMER0_driver.asm
                TIMER0_WR   0x000214    program     extern D:\josep\Documents\CompArch\PIC18F4550_E0.X\TIMER0_driver.asm
             TIMER0_START   0x000220    program     extern D:\josep\Documents\CompArch\PIC18F4550_E0.X\TIMER0_driver.asm
              TIMER0_STOP   0x000224    program     extern D:\josep\Documents\CompArch\PIC18F4550_E0.X\TIMER0_driver.asm
  _SYSTEM_INITIALIZE_0000   0x000228    program     static D:\josep\Documents\CompArch\PIC18F4550_E0.X\SYSTEM.asm
                ERROR_SYS   0x000228    program     extern D:\josep\Documents\CompArch\PIC18F4550_E0.X\SYSTEM.asm
                  POR_SYS   0x00022c    program     extern D:\josep\Documents\CompArch\PIC18F4550_E0.X\SYSTEM.asm
              SYSTEM_INIT   0x00022e    program     extern D:\josep\Documents\CompArch\PIC18F4550_E0.X\SYSTEM.asm
         TIMER0_PRECHARGE   0x000060       data     extern D:\josep\Documents\CompArch\PIC18F4550_E0.X\TIMER0_driver.asm
                  UART_TX   0x000062       data     extern D:\josep\Documents\CompArch\PIC18F4550_E0.X\UART.asm
                  UART_RX   0x000064       data     extern D:\josep\Documents\CompArch\PIC18F4550_E0.X\UART.asm
          UART_TX_COUNTER   0x000066       data     extern D:\josep\Documents\CompArch\PIC18F4550_E0.X\UART.asm
           UART_TX_STATUS   0x000067       data     extern D:\josep\Documents\CompArch\PIC18F4550_E0.X\UART.asm
          UART_RX_COUNTER   0x000068       data     extern D:\josep\Documents\CompArch\PIC18F4550_E0.X\UART.asm
           UART_RX_STATUS   0x000069       data     extern D:\josep\Documents\CompArch\PIC18F4550_E0.X\UART.asm
              UART_BUFFER   0x000100       data     static D:\josep\Documents\CompArch\PIC18F4550_E0.X\main_code.asm


